# zip-stream-soak 60-min sync run
# host: Linux cobra 6.8.0-110-generic #110-Ubuntu SMP PREEMPT_DYNAMIC Thu Mar 19 15:09:20 UTC 2026 x86_64 x86_64 x86_64 GNU/Linux
# date-start: 2026-05-05T12:40:19+00:00
# branch: p1.7/operator-closure
# commit: 17476986d92862f45ea0710ce55aab6d293acdcb
zip-stream-soak: streaming 98 byte archive for 3600 s; gate ≥ 200 Mbps
soak: 1625789949 archives, 4877369847 events, 159327415002 bytes in 3600.00 s — 354.1 Mbps
soak: max buffer capacity observed: 196636 bytes (bound 196670, spec §9: no unbounded growth)
soak: PASS (≥ 200 Mbps)
	Command being timed: "./target/release/zip-stream-soak --duration-secs 3600 --min-mbps 200"
	User time (seconds): 3598.37
	System time (seconds): 0.10
	Percent of CPU this job got: 99%
	Elapsed (wall clock) time (h:mm:ss or m:ss): 1:00:00
	Average shared text size (kbytes): 0
	Average unshared data size (kbytes): 0
	Average stack size (kbytes): 0
	Average total size (kbytes): 0
	Maximum resident set size (kbytes): 2048
	Average resident set size (kbytes): 0
	Major (requiring I/O) page faults: 0
	Minor (reclaiming a frame) page faults: 158
	Voluntary context switches: 23
	Involuntary context switches: 25439
	Swaps: 0
	File system inputs: 0
	File system outputs: 8
	Socket messages sent: 0
	Socket messages received: 0
	Signals delivered: 0
	Page size (bytes): 4096
	Exit status: 0
# date-end: 2026-05-05T13:40:19+00:00
